489 --- 16505 --- 16549 --- 16865 --- 16